// Jest Snapshot v1, https://goo.gl/fbAQLP

exports[`App -  should render the component correctly 1`] = `
<AppProvider>
  <div
    aria-labelledby="title"
    role="main"
  >
    <h1
      className="center"
      id="title"
    >
      RSS Reader
    </h1>
  </div>
  <Form />
  <Status />
  <List />
</AppProvider>
`;
